ButtonController.cpp:32:37:void __tcf_0()	0	static
ButtonController.cpp:37:6:virtual bool ButtonController::registerCallback(interface::ButtonsControllerCallbackProvider*, interface::ButtonsControllerCallbackProvider::CallbackMethod)	16	static
ButtonController.cpp:27:1:ButtonController::~ButtonController()	8	static
ButtonController.cpp:27:1:virtual ButtonController::~ButtonController()	8	static
ButtonController.cpp:31:6:virtual void ButtonController::onIrq()	16	static
ButtonController.cpp:10:1:ButtonController::ButtonController()	16	static
ButtonController.cpp:43:5:int ButtonController::getState()	0	static
ButtonController.cpp:96:6:void ButtonController::doCheckButtons()	32	static
ButtonController.cpp:47:15:virtual XFEventStatus ButtonController::processEvent()	16	static
ButtonController.cpp:118:19:static ButtonController* ButtonController::getInstance()	0	static
