eventqueue-default.cpp:18:6:virtual bool XFEventQueueDefault::empty() const	0	static
eventqueue-default.cpp:54:6:virtual bool XFEventQueueDefault::pend()	0	static
eventqueue-default.cpp:8:1:XFEventQueueDefault::XFEventQueueDefault()	16	static
stl_deque.h:660:5:std::_Deque_base<_Tp, _Alloc>::~_Deque_base() [with _Tp = const XFEvent*; _Alloc = std::allocator<const XFEvent*>]	16	static
eventqueue-default.cpp:13:1:XFEventQueueDefault::~XFEventQueueDefault()	8	static
eventqueue-default.cpp:13:1:virtual XFEventQueueDefault::~XFEventQueueDefault()	8	static
eventqueue-default.cpp:23:6:virtual bool XFEventQueueDefault::push(const XFEvent*)	32	static
eventqueue-default.cpp:34:17:virtual const XFEvent* XFEventQueueDefault::front()	16	static
eventqueue-default.cpp:45:6:virtual void XFEventQueueDefault::pop()	16	static
