stm32f7xx_hal_msp.c:66:6:HAL_MspInit	8	static
stm32f7xx_hal_msp.c:88:6:HAL_ADC_MspInit	48	static
stm32f7xx_hal_msp.c:133:6:HAL_ADC_MspDeInit	8	static
stm32f7xx_hal_msp.c:169:6:HAL_DCMI_MspInit	64	static
stm32f7xx_hal_msp.c:247:6:HAL_DCMI_MspDeInit	8	static
stm32f7xx_hal_msp.c:294:6:HAL_I2C_MspInit	56	static
stm32f7xx_hal_msp.c:354:6:HAL_I2C_MspDeInit	8	static
stm32f7xx_hal_msp.c:405:6:HAL_QSPI_MspInit	64	static
stm32f7xx_hal_msp.c:468:6:HAL_QSPI_MspDeInit	8	static
stm32f7xx_hal_msp.c:505:6:HAL_RTC_MspInit	0	static
stm32f7xx_hal_msp.c:527:6:HAL_RTC_MspDeInit	0	static
stm32f7xx_hal_msp.c:549:6:HAL_SPI_MspInit	48	static
stm32f7xx_hal_msp.c:594:6:HAL_SPI_MspDeInit	8	static
stm32f7xx_hal_msp.c:626:6:HAL_TIM_Base_MspInit	24	static
stm32f7xx_hal_msp.c:686:6:HAL_TIM_MspPostInit	40	static
stm32f7xx_hal_msp.c:718:6:HAL_TIM_Base_MspDeInit	0	static
stm32f7xx_hal_msp.c:784:6:HAL_UART_MspInit	56	static
stm32f7xx_hal_msp.c:852:6:HAL_UART_MspDeInit	8	static
