event.h:43:13:XFEvent::~XFEvent()	0	static
event.h:64:18:virtual bool XFEvent::deleteAfterConsume() const	0	static
ButtonEventsHandler.cpp:66:6:virtual void ButtonEventsHandler::notifyButtonShortPressed(interface::ButtonEventsHandlerSubject::ButtonIndex)	16	static
ButtonEventsHandler.cpp:70:6:virtual void ButtonEventsHandler::notifyButtonLongPressed(interface::ButtonEventsHandlerSubject::ButtonIndex)	16	static
event.h:43:13:virtual XFEvent::~XFEvent()	8	static
ButtonEventsHandler.cpp:58:6:virtual void ButtonEventsHandler::unsubscribe(interface::ButtonEventsHandlerObserver*)	16	static
ButtonEventsHandler.cpp:26:1:ButtonEventsHandler::~ButtonEventsHandler()	8	static
ButtonEventsHandler.cpp:26:1:virtual ButtonEventsHandler::~ButtonEventsHandler()	8	static
ButtonEventsHandler.cpp:29:6:void ButtonEventsHandler::onButtonChanged(interface::ButtonEventsHandlerSubject::ButtonIndex, bool)	16	static
vector.tcc:394:7:) [with _Args = {interface::ButtonEventsHandlerObserver* const&}; _Tp = interface::ButtonEventsHandlerObserver*; _Alloc = std::allocator<interface::ButtonEventsHandlerObserver*>]	48	static
ButtonEventsHandler.cpp:55:6:virtual bool ButtonEventsHandler::subscribe(interface::ButtonEventsHandlerObserver*)	16	static
vector.tcc:394:7:) [with _Args = {ButtonStateSm*}; _Tp = ButtonStateSm*; _Alloc = std::allocator<ButtonStateSm*>]	48	static
ButtonEventsHandler.cpp:14:1:ButtonEventsHandler::ButtonEventsHandler()	32	static
